app.main - ERROR - Failed to connect to database. Retrying... Multiple exceptions: [Errno 61] Connect call failed ('::1', 5432, 0, 0), [Errno 61] Connect call failed ('127.0.0.1', 5432)
Traceback (most recent call last):
  File "/Users/omer/Desktop/Developer/Radar/backend/app/main.py", line 24, in init_tables
    async with engine.begin() as conn:
  File "/Library/Developer/CommandLineTools/Library/Frameworks/Python3.framework/Versions/3.9/lib/python3.9/contextlib.py", line 175, in __aenter__
    return await self.gen.__anext__()
  File "/Users/omer/Desktop/Developer/Radar/backend/.venv/lib/python3.9/site-packages/sqlalchemy/ext/asyncio/engine.py", line 1068, in begin
    async with conn:
  File "/Users/omer/Desktop/Developer/Radar/backend/.venv/lib/python3.9/site-packages/sqlalchemy/ext/asyncio/base.py", line 121, in __aenter__
    return await self.start(is_ctxmanager=True)
  File "/Users/omer/Desktop/Developer/Radar/backend/.venv/lib/python3.9/site-packages/sqlalchemy/ext/asyncio/engine.py", line 275, in start
    await greenlet_spawn(self.sync_engine.connect)
  File "/Users/omer/Desktop/Developer/Radar/backend/.venv/lib/python3.9/site-packages/sqlalchemy/util/_concurrency_py3k.py", line 201, in greenlet_spawn
    result = context.throw(*sys.exc_info())
  File "/Users/omer/Desktop/Developer/Radar/backend/.venv/lib/python3.9/site-packages/sqlalchemy/engine/base.py", line 3293, in connect
    return self._connection_cls(self)
  File "/Users/omer/Desktop/Developer/Radar/backend/.venv/lib/python3.9/site-packages/sqlalchemy/engine/base.py", line 143, in __init__
    self._dbapi_connection = engine.raw_connection()
  File "/Users/omer/Desktop/Developer/Radar/backend/.venv/lib/python3.9/site-packages/sqlalchemy/engine/base.py", line 3317, in raw_connection
    return self.pool.connect()
  File "/Users/omer/Desktop/Developer/Radar/backend/.venv/lib/python3.9/site-packages/sqlalchemy/pool/base.py", line 448, in connect
    return _ConnectionFairy._checkout(self)
  File "/Users/omer/Desktop/Developer/Radar/backend/.venv/lib/python3.9/site-packages/sqlalchemy/pool/base.py", line 1272, in _checkout
    fairy = _ConnectionRecord.checkout(pool)
  File "/Users/omer/Desktop/Developer/Radar/backend/.venv/lib/python3.9/site-packages/sqlalchemy/pool/base.py", line 712, in checkout
    rec = pool._do_get()
  File "/Users/omer/Desktop/Developer/Radar/backend/.venv/lib/python3.9/site-packages/sqlalchemy/pool/impl.py", line 178, in _do_get
    self._dec_overflow()
  File "/Users/omer/Desktop/Developer/Radar/backend/.venv/lib/python3.9/site-packages/sqlalchemy/util/langhelpers.py", line 121, in __exit__
    raise exc_value.with_traceback(exc_tb)
  File "/Users/omer/Desktop/Developer/Radar/backend/.venv/lib/python3.9/site-packages/sqlalchemy/pool/impl.py", line 175, in _do_get
    return self._create_connection()
  File "/Users/omer/Desktop/Developer/Radar/backend/.venv/lib/python3.9/site-packages/sqlalchemy/pool/base.py", line 389, in _create_connection
    return _ConnectionRecord(self)
  File "/Users/omer/Desktop/Developer/Radar/backend/.venv/lib/python3.9/site-packages/sqlalchemy/pool/base.py", line 674, in __init__
    self.__connect()
  File "/Users/omer/Desktop/Developer/Radar/backend/.venv/lib/python3.9/site-packages/sqlalchemy/pool/base.py", line 901, in __connect
    pool.logger.debug("Error on connect(): %s", e)
  File "/Users/omer/Desktop/Developer/Radar/backend/.venv/lib/python3.9/site-packages/sqlalchemy/util/langhelpers.py", line 121, in __exit__
    raise exc_value.with_traceback(exc_tb)
  File "/Users/omer/Desktop/Developer/Radar/backend/.venv/lib/python3.9/site-packages/sqlalchemy/pool/base.py", line 896, in __connect
    self.dbapi_connection = connection = pool._invoke_creator(self)
  File "/Users/omer/Desktop/Developer/Radar/backend/.venv/lib/python3.9/site-packages/sqlalchemy/engine/create.py", line 667, in connect
    return dialect.connect(*cargs_tup, **cparams)
  File "/Users/omer/Desktop/Developer/Radar/backend/.venv/lib/python3.9/site-packages/sqlalchemy/engine/default.py", line 630, in connect
    return self.loaded_dbapi.connect(*cargs, **cparams)  # type: ignore[no-any-return]  # NOQA: E501
  File "/Users/omer/Desktop/Developer/Radar/backend/.venv/lib/python3.9/site-packages/sqlalchemy/dialects/postgresql/asyncpg.py", line 955, in connect
    await_only(creator_fn(*arg, **kw)),
  File "/Users/omer/Desktop/Developer/Radar/backend/.venv/lib/python3.9/site-packages/sqlalchemy/util/_concurrency_py3k.py", line 132, in await_only
    return current.parent.switch(awaitable)  # type: ignore[no-any-return,attr-defined] # noqa: E501
  File "/Users/omer/Desktop/Developer/Radar/backend/.venv/lib/python3.9/site-packages/sqlalchemy/util/_concurrency_py3k.py", line 196, in greenlet_spawn
    value = await result
  File "/Users/omer/Desktop/Developer/Radar/backend/.venv/lib/python3.9/site-packages/asyncpg/connection.py", line 2443, in connect
    return await connect_utils._connect(
  File "/Users/omer/Desktop/Developer/Radar/backend/.venv/lib/python3.9/site-packages/asyncpg/connect_utils.py", line 1249, in _connect
    raise last_error or exceptions.TargetServerAttributeNotMatched(
  File "/Users/omer/Desktop/Developer/Radar/backend/.venv/lib/python3.9/site-packages/asyncpg/connect_utils.py", line 1218, in _connect
    conn = await _connect_addr(
  File "/Users/omer/Desktop/Developer/Radar/backend/.venv/lib/python3.9/site-packages/asyncpg/connect_utils.py", line 1054, in _connect_addr
    return await __connect_addr(params, True, *args)
  File "/Users/omer/Desktop/Developer/Radar/backend/.venv/lib/python3.9/site-packages/asyncpg/connect_utils.py", line 1099, in __connect_addr
    tr, pr = await connector
  File "/Users/omer/Desktop/Developer/Radar/backend/.venv/lib/python3.9/site-packages/asyncpg/connect_utils.py", line 969, in _create_ssl_connection
    tr, pr = await loop.create_connection(
  File "/Library/Developer/CommandLineTools/Library/Frameworks/Python3.framework/Versions/3.9/lib/python3.9/asyncio/base_events.py", line 1064, in create_connection
    raise OSError('Multiple exceptions: {}'.format(
OSError: Multiple exceptions: [Errno 61] Connect call failed ('::1', 5432, 0, 0), [Errno 61] Connect call failed ('127.0.0.1', 5432)
app.main - ERROR - Failed to connect to database. Retrying... Multiple exceptions: [Errno 61] Connect call failed ('::1', 5432, 0, 0), [Errno 61] Connect call failed ('127.0.0.1', 5432)
Traceback (most recent call last):
  File "/Users/omer/Desktop/Developer/Radar/backend/app/main.py", line 24, in init_tables
    async with engine.begin() as conn:
  File "/Library/Developer/CommandLineTools/Library/Frameworks/Python3.framework/Versions/3.9/lib/python3.9/contextlib.py", line 175, in __aenter__
    return await self.gen.__anext__()
  File "/Users/omer/Desktop/Developer/Radar/backend/.venv/lib/python3.9/site-packages/sqlalchemy/ext/asyncio/engine.py", line 1068, in begin
    async with conn:
  File "/Users/omer/Desktop/Developer/Radar/backend/.venv/lib/python3.9/site-packages/sqlalchemy/ext/asyncio/base.py", line 121, in __aenter__
    return await self.start(is_ctxmanager=True)
  File "/Users/omer/Desktop/Developer/Radar/backend/.venv/lib/python3.9/site-packages/sqlalchemy/ext/asyncio/engine.py", line 275, in start
    await greenlet_spawn(self.sync_engine.connect)
  File "/Users/omer/Desktop/Developer/Radar/backend/.venv/lib/python3.9/site-packages/sqlalchemy/util/_concurrency_py3k.py", line 201, in greenlet_spawn
    result = context.throw(*sys.exc_info())
  File "/Users/omer/Desktop/Developer/Radar/backend/.venv/lib/python3.9/site-packages/sqlalchemy/engine/base.py", line 3293, in connect
    return self._connection_cls(self)
  File "/Users/omer/Desktop/Developer/Radar/backend/.venv/lib/python3.9/site-packages/sqlalchemy/engine/base.py", line 143, in __init__
    self._dbapi_connection = engine.raw_connection()
  File "/Users/omer/Desktop/Developer/Radar/backend/.venv/lib/python3.9/site-packages/sqlalchemy/engine/base.py", line 3317, in raw_connection
    return self.pool.connect()
  File "/Users/omer/Desktop/Developer/Radar/backend/.venv/lib/python3.9/site-packages/sqlalchemy/pool/base.py", line 448, in connect
    return _ConnectionFairy._checkout(self)
  File "/Users/omer/Desktop/Developer/Radar/backend/.venv/lib/python3.9/site-packages/sqlalchemy/pool/base.py", line 1272, in _checkout
    fairy = _ConnectionRecord.checkout(pool)
  File "/Users/omer/Desktop/Developer/Radar/backend/.venv/lib/python3.9/site-packages/sqlalchemy/pool/base.py", line 712, in checkout
    rec = pool._do_get()
  File "/Users/omer/Desktop/Developer/Radar/backend/.venv/lib/python3.9/site-packages/sqlalchemy/pool/impl.py", line 178, in _do_get
    self._dec_overflow()
  File "/Users/omer/Desktop/Developer/Radar/backend/.venv/lib/python3.9/site-packages/sqlalchemy/util/langhelpers.py", line 121, in __exit__
    raise exc_value.with_traceback(exc_tb)
  File "/Users/omer/Desktop/Developer/Radar/backend/.venv/lib/python3.9/site-packages/sqlalchemy/pool/impl.py", line 175, in _do_get
    return self._create_connection()
  File "/Users/omer/Desktop/Developer/Radar/backend/.venv/lib/python3.9/site-packages/sqlalchemy/pool/base.py", line 389, in _create_connection
    return _ConnectionRecord(self)
  File "/Users/omer/Desktop/Developer/Radar/backend/.venv/lib/python3.9/site-packages/sqlalchemy/pool/base.py", line 674, in __init__
    self.__connect()
  File "/Users/omer/Desktop/Developer/Radar/backend/.venv/lib/python3.9/site-packages/sqlalchemy/pool/base.py", line 901, in __connect
    pool.logger.debug("Error on connect(): %s", e)
  File "/Users/omer/Desktop/Developer/Radar/backend/.venv/lib/python3.9/site-packages/sqlalchemy/util/langhelpers.py", line 121, in __exit__
    raise exc_value.with_traceback(exc_tb)
  File "/Users/omer/Desktop/Developer/Radar/backend/.venv/lib/python3.9/site-packages/sqlalchemy/pool/base.py", line 896, in __connect
    self.dbapi_connection = connection = pool._invoke_creator(self)
  File "/Users/omer/Desktop/Developer/Radar/backend/.venv/lib/python3.9/site-packages/sqlalchemy/engine/create.py", line 667, in connect
    return dialect.connect(*cargs_tup, **cparams)
  File "/Users/omer/Desktop/Developer/Radar/backend/.venv/lib/python3.9/site-packages/sqlalchemy/engine/default.py", line 630, in connect
    return self.loaded_dbapi.connect(*cargs, **cparams)  # type: ignore[no-any-return]  # NOQA: E501
  File "/Users/omer/Desktop/Developer/Radar/backend/.venv/lib/python3.9/site-packages/sqlalchemy/dialects/postgresql/asyncpg.py", line 955, in connect
    await_only(creator_fn(*arg, **kw)),
  File "/Users/omer/Desktop/Developer/Radar/backend/.venv/lib/python3.9/site-packages/sqlalchemy/util/_concurrency_py3k.py", line 132, in await_only
    return current.parent.switch(awaitable)  # type: ignore[no-any-return,attr-defined] # noqa: E501
  File "/Users/omer/Desktop/Developer/Radar/backend/.venv/lib/python3.9/site-packages/sqlalchemy/util/_concurrency_py3k.py", line 196, in greenlet_spawn
    value = await result
  File "/Users/omer/Desktop/Developer/Radar/backend/.venv/lib/python3.9/site-packages/asyncpg/connection.py", line 2443, in connect
    return await connect_utils._connect(
  File "/Users/omer/Desktop/Developer/Radar/backend/.venv/lib/python3.9/site-packages/asyncpg/connect_utils.py", line 1249, in _connect
    raise last_error or exceptions.TargetServerAttributeNotMatched(
  File "/Users/omer/Desktop/Developer/Radar/backend/.venv/lib/python3.9/site-packages/asyncpg/connect_utils.py", line 1218, in _connect
    conn = await _connect_addr(
  File "/Users/omer/Desktop/Developer/Radar/backend/.venv/lib/python3.9/site-packages/asyncpg/connect_utils.py", line 1054, in _connect_addr
    return await __connect_addr(params, True, *args)
  File "/Users/omer/Desktop/Developer/Radar/backend/.venv/lib/python3.9/site-packages/asyncpg/connect_utils.py", line 1099, in __connect_addr
    tr, pr = await connector
  File "/Users/omer/Desktop/Developer/Radar/backend/.venv/lib/python3.9/site-packages/asyncpg/connect_utils.py", line 969, in _create_ssl_connection
    tr, pr = await loop.create_connection(
  File "/Library/Developer/CommandLineTools/Library/Frameworks/Python3.framework/Versions/3.9/lib/python3.9/asyncio/base_events.py", line 1064, in create_connection
    raise OSError('Multiple exceptions: {}'.format(
OSError: Multiple exceptions: [Errno 61] Connect call failed ('::1', 5432, 0, 0), [Errno 61] Connect call failed ('127.0.0.1', 5432)
app.main - ERROR - Failed to connect to database. Retrying... Multiple exceptions: [Errno 61] Connect call failed ('::1', 5432, 0, 0), [Errno 61] Connect call failed ('127.0.0.1', 5432)
Traceback (most recent call last):
  File "/Users/omer/Desktop/Developer/Radar/backend/app/main.py", line 24, in init_tables
    async with engine.begin() as conn:
  File "/Library/Developer/CommandLineTools/Library/Frameworks/Python3.framework/Versions/3.9/lib/python3.9/contextlib.py", line 175, in __aenter__
    return await self.gen.__anext__()
  File "/Users/omer/Desktop/Developer/Radar/backend/.venv/lib/python3.9/site-packages/sqlalchemy/ext/asyncio/engine.py", line 1068, in begin
    async with conn:
  File "/Users/omer/Desktop/Developer/Radar/backend/.venv/lib/python3.9/site-packages/sqlalchemy/ext/asyncio/base.py", line 121, in __aenter__
    return await self.start(is_ctxmanager=True)
  File "/Users/omer/Desktop/Developer/Radar/backend/.venv/lib/python3.9/site-packages/sqlalchemy/ext/asyncio/engine.py", line 275, in start
    await greenlet_spawn(self.sync_engine.connect)
  File "/Users/omer/Desktop/Developer/Radar/backend/.venv/lib/python3.9/site-packages/sqlalchemy/util/_concurrency_py3k.py", line 201, in greenlet_spawn
    result = context.throw(*sys.exc_info())
  File "/Users/omer/Desktop/Developer/Radar/backend/.venv/lib/python3.9/site-packages/sqlalchemy/engine/base.py", line 3293, in connect
    return self._connection_cls(self)
  File "/Users/omer/Desktop/Developer/Radar/backend/.venv/lib/python3.9/site-packages/sqlalchemy/engine/base.py", line 143, in __init__
    self._dbapi_connection = engine.raw_connection()
  File "/Users/omer/Desktop/Developer/Radar/backend/.venv/lib/python3.9/site-packages/sqlalchemy/engine/base.py", line 3317, in raw_connection
    return self.pool.connect()
  File "/Users/omer/Desktop/Developer/Radar/backend/.venv/lib/python3.9/site-packages/sqlalchemy/pool/base.py", line 448, in connect
    return _ConnectionFairy._checkout(self)
  File "/Users/omer/Desktop/Developer/Radar/backend/.venv/lib/python3.9/site-packages/sqlalchemy/pool/base.py", line 1272, in _checkout
    fairy = _ConnectionRecord.checkout(pool)
  File "/Users/omer/Desktop/Developer/Radar/backend/.venv/lib/python3.9/site-packages/sqlalchemy/pool/base.py", line 712, in checkout
    rec = pool._do_get()
  File "/Users/omer/Desktop/Developer/Radar/backend/.venv/lib/python3.9/site-packages/sqlalchemy/pool/impl.py", line 178, in _do_get
    self._dec_overflow()
  File "/Users/omer/Desktop/Developer/Radar/backend/.venv/lib/python3.9/site-packages/sqlalchemy/util/langhelpers.py", line 121, in __exit__
    raise exc_value.with_traceback(exc_tb)
  File "/Users/omer/Desktop/Developer/Radar/backend/.venv/lib/python3.9/site-packages/sqlalchemy/pool/impl.py", line 175, in _do_get
    return self._create_connection()
  File "/Users/omer/Desktop/Developer/Radar/backend/.venv/lib/python3.9/site-packages/sqlalchemy/pool/base.py", line 389, in _create_connection
    return _ConnectionRecord(self)
  File "/Users/omer/Desktop/Developer/Radar/backend/.venv/lib/python3.9/site-packages/sqlalchemy/pool/base.py", line 674, in __init__
    self.__connect()
  File "/Users/omer/Desktop/Developer/Radar/backend/.venv/lib/python3.9/site-packages/sqlalchemy/pool/base.py", line 901, in __connect
    pool.logger.debug("Error on connect(): %s", e)
  File "/Users/omer/Desktop/Developer/Radar/backend/.venv/lib/python3.9/site-packages/sqlalchemy/util/langhelpers.py", line 121, in __exit__
    raise exc_value.with_traceback(exc_tb)
  File "/Users/omer/Desktop/Developer/Radar/backend/.venv/lib/python3.9/site-packages/sqlalchemy/pool/base.py", line 896, in __connect
    self.dbapi_connection = connection = pool._invoke_creator(self)
  File "/Users/omer/Desktop/Developer/Radar/backend/.venv/lib/python3.9/site-packages/sqlalchemy/engine/create.py", line 667, in connect
    return dialect.connect(*cargs_tup, **cparams)
  File "/Users/omer/Desktop/Developer/Radar/backend/.venv/lib/python3.9/site-packages/sqlalchemy/engine/default.py", line 630, in connect
    return self.loaded_dbapi.connect(*cargs, **cparams)  # type: ignore[no-any-return]  # NOQA: E501
  File "/Users/omer/Desktop/Developer/Radar/backend/.venv/lib/python3.9/site-packages/sqlalchemy/dialects/postgresql/asyncpg.py", line 955, in connect
    await_only(creator_fn(*arg, **kw)),
  File "/Users/omer/Desktop/Developer/Radar/backend/.venv/lib/python3.9/site-packages/sqlalchemy/util/_concurrency_py3k.py", line 132, in await_only
    return current.parent.switch(awaitable)  # type: ignore[no-any-return,attr-defined] # noqa: E501
  File "/Users/omer/Desktop/Developer/Radar/backend/.venv/lib/python3.9/site-packages/sqlalchemy/util/_concurrency_py3k.py", line 196, in greenlet_spawn
    value = await result
  File "/Users/omer/Desktop/Developer/Radar/backend/.venv/lib/python3.9/site-packages/asyncpg/connection.py", line 2443, in connect
    return await connect_utils._connect(
  File "/Users/omer/Desktop/Developer/Radar/backend/.venv/lib/python3.9/site-packages/asyncpg/connect_utils.py", line 1249, in _connect
    raise last_error or exceptions.TargetServerAttributeNotMatched(
  File "/Users/omer/Desktop/Developer/Radar/backend/.venv/lib/python3.9/site-packages/asyncpg/connect_utils.py", line 1218, in _connect
    conn = await _connect_addr(
  File "/Users/omer/Desktop/Developer/Radar/backend/.venv/lib/python3.9/site-packages/asyncpg/connect_utils.py", line 1054, in _connect_addr
    return await __connect_addr(params, True, *args)
  File "/Users/omer/Desktop/Developer/Radar/backend/.venv/lib/python3.9/site-packages/asyncpg/connect_utils.py", line 1099, in __connect_addr
    tr, pr = await connector
  File "/Users/omer/Desktop/Developer/Radar/backend/.venv/lib/python3.9/site-packages/asyncpg/connect_utils.py", line 969, in _create_ssl_connection
    tr, pr = await loop.create_connection(
  File "/Library/Developer/CommandLineTools/Library/Frameworks/Python3.framework/Versions/3.9/lib/python3.9/asyncio/base_events.py", line 1064, in create_connection
    raise OSError('Multiple exceptions: {}'.format(
OSError: Multiple exceptions: [Errno 61] Connect call failed ('::1', 5432, 0, 0), [Errno 61] Connect call failed ('127.0.0.1', 5432)
app.main - ERROR - Failed to connect to database. Retrying... Multiple exceptions: [Errno 61] Connect call failed ('::1', 5432, 0, 0), [Errno 61] Connect call failed ('127.0.0.1', 5432)
Traceback (most recent call last):
  File "/Users/omer/Desktop/Developer/Radar/backend/app/main.py", line 24, in init_tables
    async with engine.begin() as conn:
  File "/Library/Developer/CommandLineTools/Library/Frameworks/Python3.framework/Versions/3.9/lib/python3.9/contextlib.py", line 175, in __aenter__
    return await self.gen.__anext__()
  File "/Users/omer/Desktop/Developer/Radar/backend/.venv/lib/python3.9/site-packages/sqlalchemy/ext/asyncio/engine.py", line 1068, in begin
    async with conn:
  File "/Users/omer/Desktop/Developer/Radar/backend/.venv/lib/python3.9/site-packages/sqlalchemy/ext/asyncio/base.py", line 121, in __aenter__
    return await self.start(is_ctxmanager=True)
  File "/Users/omer/Desktop/Developer/Radar/backend/.venv/lib/python3.9/site-packages/sqlalchemy/ext/asyncio/engine.py", line 275, in start
    await greenlet_spawn(self.sync_engine.connect)
  File "/Users/omer/Desktop/Developer/Radar/backend/.venv/lib/python3.9/site-packages/sqlalchemy/util/_concurrency_py3k.py", line 201, in greenlet_spawn
    result = context.throw(*sys.exc_info())
  File "/Users/omer/Desktop/Developer/Radar/backend/.venv/lib/python3.9/site-packages/sqlalchemy/engine/base.py", line 3293, in connect
    return self._connection_cls(self)
  File "/Users/omer/Desktop/Developer/Radar/backend/.venv/lib/python3.9/site-packages/sqlalchemy/engine/base.py", line 143, in __init__
    self._dbapi_connection = engine.raw_connection()
  File "/Users/omer/Desktop/Developer/Radar/backend/.venv/lib/python3.9/site-packages/sqlalchemy/engine/base.py", line 3317, in raw_connection
    return self.pool.connect()
  File "/Users/omer/Desktop/Developer/Radar/backend/.venv/lib/python3.9/site-packages/sqlalchemy/pool/base.py", line 448, in connect
    return _ConnectionFairy._checkout(self)
  File "/Users/omer/Desktop/Developer/Radar/backend/.venv/lib/python3.9/site-packages/sqlalchemy/pool/base.py", line 1272, in _checkout
    fairy = _ConnectionRecord.checkout(pool)
  File "/Users/omer/Desktop/Developer/Radar/backend/.venv/lib/python3.9/site-packages/sqlalchemy/pool/base.py", line 712, in checkout
    rec = pool._do_get()
  File "/Users/omer/Desktop/Developer/Radar/backend/.venv/lib/python3.9/site-packages/sqlalchemy/pool/impl.py", line 178, in _do_get
    self._dec_overflow()
  File "/Users/omer/Desktop/Developer/Radar/backend/.venv/lib/python3.9/site-packages/sqlalchemy/util/langhelpers.py", line 121, in __exit__
    raise exc_value.with_traceback(exc_tb)
  File "/Users/omer/Desktop/Developer/Radar/backend/.venv/lib/python3.9/site-packages/sqlalchemy/pool/impl.py", line 175, in _do_get
    return self._create_connection()
  File "/Users/omer/Desktop/Developer/Radar/backend/.venv/lib/python3.9/site-packages/sqlalchemy/pool/base.py", line 389, in _create_connection
    return _ConnectionRecord(self)
  File "/Users/omer/Desktop/Developer/Radar/backend/.venv/lib/python3.9/site-packages/sqlalchemy/pool/base.py", line 674, in __init__
    self.__connect()
  File "/Users/omer/Desktop/Developer/Radar/backend/.venv/lib/python3.9/site-packages/sqlalchemy/pool/base.py", line 901, in __connect
    pool.logger.debug("Error on connect(): %s", e)
  File "/Users/omer/Desktop/Developer/Radar/backend/.venv/lib/python3.9/site-packages/sqlalchemy/util/langhelpers.py", line 121, in __exit__
    raise exc_value.with_traceback(exc_tb)
  File "/Users/omer/Desktop/Developer/Radar/backend/.venv/lib/python3.9/site-packages/sqlalchemy/pool/base.py", line 896, in __connect
    self.dbapi_connection = connection = pool._invoke_creator(self)
  File "/Users/omer/Desktop/Developer/Radar/backend/.venv/lib/python3.9/site-packages/sqlalchemy/engine/create.py", line 667, in connect
    return dialect.connect(*cargs_tup, **cparams)
  File "/Users/omer/Desktop/Developer/Radar/backend/.venv/lib/python3.9/site-packages/sqlalchemy/engine/default.py", line 630, in connect
    return self.loaded_dbapi.connect(*cargs, **cparams)  # type: ignore[no-any-return]  # NOQA: E501
  File "/Users/omer/Desktop/Developer/Radar/backend/.venv/lib/python3.9/site-packages/sqlalchemy/dialects/postgresql/asyncpg.py", line 955, in connect
    await_only(creator_fn(*arg, **kw)),
  File "/Users/omer/Desktop/Developer/Radar/backend/.venv/lib/python3.9/site-packages/sqlalchemy/util/_concurrency_py3k.py", line 132, in await_only
    return current.parent.switch(awaitable)  # type: ignore[no-any-return,attr-defined] # noqa: E501
  File "/Users/omer/Desktop/Developer/Radar/backend/.venv/lib/python3.9/site-packages/sqlalchemy/util/_concurrency_py3k.py", line 196, in greenlet_spawn
    value = await result
  File "/Users/omer/Desktop/Developer/Radar/backend/.venv/lib/python3.9/site-packages/asyncpg/connection.py", line 2443, in connect
    return await connect_utils._connect(
  File "/Users/omer/Desktop/Developer/Radar/backend/.venv/lib/python3.9/site-packages/asyncpg/connect_utils.py", line 1249, in _connect
    raise last_error or exceptions.TargetServerAttributeNotMatched(
  File "/Users/omer/Desktop/Developer/Radar/backend/.venv/lib/python3.9/site-packages/asyncpg/connect_utils.py", line 1218, in _connect
    conn = await _connect_addr(
  File "/Users/omer/Desktop/Developer/Radar/backend/.venv/lib/python3.9/site-packages/asyncpg/connect_utils.py", line 1054, in _connect_addr
    return await __connect_addr(params, True, *args)
  File "/Users/omer/Desktop/Developer/Radar/backend/.venv/lib/python3.9/site-packages/asyncpg/connect_utils.py", line 1099, in __connect_addr
    tr, pr = await connector
  File "/Users/omer/Desktop/Developer/Radar/backend/.venv/lib/python3.9/site-packages/asyncpg/connect_utils.py", line 969, in _create_ssl_connection
    tr, pr = await loop.create_connection(
  File "/Library/Developer/CommandLineTools/Library/Frameworks/Python3.framework/Versions/3.9/lib/python3.9/asyncio/base_events.py", line 1064, in create_connection
    raise OSError('Multiple exceptions: {}'.format(
OSError: Multiple exceptions: [Errno 61] Connect call failed ('::1', 5432, 0, 0), [Errno 61] Connect call failed ('127.0.0.1', 5432)
app.main - ERROR - Failed to connect to database. Retrying... Multiple exceptions: [Errno 61] Connect call failed ('::1', 5432, 0, 0), [Errno 61] Connect call failed ('127.0.0.1', 5432)
Traceback (most recent call last):
  File "/Users/omer/Desktop/Developer/Radar/backend/app/main.py", line 24, in init_tables
    async with engine.begin() as conn:
  File "/Library/Developer/CommandLineTools/Library/Frameworks/Python3.framework/Versions/3.9/lib/python3.9/contextlib.py", line 175, in __aenter__
    return await self.gen.__anext__()
  File "/Users/omer/Desktop/Developer/Radar/backend/.venv/lib/python3.9/site-packages/sqlalchemy/ext/asyncio/engine.py", line 1068, in begin
    async with conn:
  File "/Users/omer/Desktop/Developer/Radar/backend/.venv/lib/python3.9/site-packages/sqlalchemy/ext/asyncio/base.py", line 121, in __aenter__
    return await self.start(is_ctxmanager=True)
  File "/Users/omer/Desktop/Developer/Radar/backend/.venv/lib/python3.9/site-packages/sqlalchemy/ext/asyncio/engine.py", line 275, in start
    await greenlet_spawn(self.sync_engine.connect)
  File "/Users/omer/Desktop/Developer/Radar/backend/.venv/lib/python3.9/site-packages/sqlalchemy/util/_concurrency_py3k.py", line 201, in greenlet_spawn
    result = context.throw(*sys.exc_info())
  File "/Users/omer/Desktop/Developer/Radar/backend/.venv/lib/python3.9/site-packages/sqlalchemy/engine/base.py", line 3293, in connect
    return self._connection_cls(self)
  File "/Users/omer/Desktop/Developer/Radar/backend/.venv/lib/python3.9/site-packages/sqlalchemy/engine/base.py", line 143, in __init__
    self._dbapi_connection = engine.raw_connection()
  File "/Users/omer/Desktop/Developer/Radar/backend/.venv/lib/python3.9/site-packages/sqlalchemy/engine/base.py", line 3317, in raw_connection
    return self.pool.connect()
  File "/Users/omer/Desktop/Developer/Radar/backend/.venv/lib/python3.9/site-packages/sqlalchemy/pool/base.py", line 448, in connect
    return _ConnectionFairy._checkout(self)
  File "/Users/omer/Desktop/Developer/Radar/backend/.venv/lib/python3.9/site-packages/sqlalchemy/pool/base.py", line 1272, in _checkout
    fairy = _ConnectionRecord.checkout(pool)
  File "/Users/omer/Desktop/Developer/Radar/backend/.venv/lib/python3.9/site-packages/sqlalchemy/pool/base.py", line 712, in checkout
    rec = pool._do_get()
  File "/Users/omer/Desktop/Developer/Radar/backend/.venv/lib/python3.9/site-packages/sqlalchemy/pool/impl.py", line 178, in _do_get
    self._dec_overflow()
  File "/Users/omer/Desktop/Developer/Radar/backend/.venv/lib/python3.9/site-packages/sqlalchemy/util/langhelpers.py", line 121, in __exit__
    raise exc_value.with_traceback(exc_tb)
  File "/Users/omer/Desktop/Developer/Radar/backend/.venv/lib/python3.9/site-packages/sqlalchemy/pool/impl.py", line 175, in _do_get
    return self._create_connection()
  File "/Users/omer/Desktop/Developer/Radar/backend/.venv/lib/python3.9/site-packages/sqlalchemy/pool/base.py", line 389, in _create_connection
    return _ConnectionRecord(self)
  File "/Users/omer/Desktop/Developer/Radar/backend/.venv/lib/python3.9/site-packages/sqlalchemy/pool/base.py", line 674, in __init__
    self.__connect()
  File "/Users/omer/Desktop/Developer/Radar/backend/.venv/lib/python3.9/site-packages/sqlalchemy/pool/base.py", line 901, in __connect
    pool.logger.debug("Error on connect(): %s", e)
  File "/Users/omer/Desktop/Developer/Radar/backend/.venv/lib/python3.9/site-packages/sqlalchemy/util/langhelpers.py", line 121, in __exit__
    raise exc_value.with_traceback(exc_tb)
  File "/Users/omer/Desktop/Developer/Radar/backend/.venv/lib/python3.9/site-packages/sqlalchemy/pool/base.py", line 896, in __connect
    self.dbapi_connection = connection = pool._invoke_creator(self)
  File "/Users/omer/Desktop/Developer/Radar/backend/.venv/lib/python3.9/site-packages/sqlalchemy/engine/create.py", line 667, in connect
    return dialect.connect(*cargs_tup, **cparams)
  File "/Users/omer/Desktop/Developer/Radar/backend/.venv/lib/python3.9/site-packages/sqlalchemy/engine/default.py", line 630, in connect
    return self.loaded_dbapi.connect(*cargs, **cparams)  # type: ignore[no-any-return]  # NOQA: E501
  File "/Users/omer/Desktop/Developer/Radar/backend/.venv/lib/python3.9/site-packages/sqlalchemy/dialects/postgresql/asyncpg.py", line 955, in connect
    await_only(creator_fn(*arg, **kw)),
  File "/Users/omer/Desktop/Developer/Radar/backend/.venv/lib/python3.9/site-packages/sqlalchemy/util/_concurrency_py3k.py", line 132, in await_only
    return current.parent.switch(awaitable)  # type: ignore[no-any-return,attr-defined] # noqa: E501
  File "/Users/omer/Desktop/Developer/Radar/backend/.venv/lib/python3.9/site-packages/sqlalchemy/util/_concurrency_py3k.py", line 196, in greenlet_spawn
    value = await result
  File "/Users/omer/Desktop/Developer/Radar/backend/.venv/lib/python3.9/site-packages/asyncpg/connection.py", line 2443, in connect
    return await connect_utils._connect(
  File "/Users/omer/Desktop/Developer/Radar/backend/.venv/lib/python3.9/site-packages/asyncpg/connect_utils.py", line 1249, in _connect
    raise last_error or exceptions.TargetServerAttributeNotMatched(
  File "/Users/omer/Desktop/Developer/Radar/backend/.venv/lib/python3.9/site-packages/asyncpg/connect_utils.py", line 1218, in _connect
    conn = await _connect_addr(
  File "/Users/omer/Desktop/Developer/Radar/backend/.venv/lib/python3.9/site-packages/asyncpg/connect_utils.py", line 1054, in _connect_addr
    return await __connect_addr(params, True, *args)
  File "/Users/omer/Desktop/Developer/Radar/backend/.venv/lib/python3.9/site-packages/asyncpg/connect_utils.py", line 1099, in __connect_addr
    tr, pr = await connector
  File "/Users/omer/Desktop/Developer/Radar/backend/.venv/lib/python3.9/site-packages/asyncpg/connect_utils.py", line 969, in _create_ssl_connection
    tr, pr = await loop.create_connection(
  File "/Library/Developer/CommandLineTools/Library/Frameworks/Python3.framework/Versions/3.9/lib/python3.9/asyncio/base_events.py", line 1064, in create_connection
    raise OSError('Multiple exceptions: {}'.format(
OSError: Multiple exceptions: [Errno 61] Connect call failed ('::1', 5432, 0, 0), [Errno 61] Connect call failed ('127.0.0.1', 5432)
app.main - ERROR - Could not connect to the database after multiple retries.
python_multipart.multipart - DEBUG - Calling on_field_start with no data
python_multipart.multipart - DEBUG - Calling on_field_name with data[0:8]
python_multipart.multipart - DEBUG - Calling on_field_data with data[9:22]
python_multipart.multipart - DEBUG - Calling on_field_end with no data
python_multipart.multipart - DEBUG - Calling on_field_start with no data
python_multipart.multipart - DEBUG - Calling on_field_name with data[23:31]
python_multipart.multipart - DEBUG - Calling on_field_data with data[32:40]
python_multipart.multipart - DEBUG - Calling on_field_end with no data
python_multipart.multipart - DEBUG - Calling on_end with no data
python_multipart.multipart - DEBUG - Calling on_field_start with no data
python_multipart.multipart - DEBUG - Calling on_field_name with data[0:8]
python_multipart.multipart - DEBUG - Calling on_field_data with data[9:24]
python_multipart.multipart - DEBUG - Calling on_field_end with no data
python_multipart.multipart - DEBUG - Calling on_field_start with no data
python_multipart.multipart - DEBUG - Calling on_field_name with data[25:33]
python_multipart.multipart - DEBUG - Calling on_field_data with data[34:45]
python_multipart.multipart - DEBUG - Calling on_field_end with no data
python_multipart.multipart - DEBUG - Calling on_end with no data
